00:14:35 **** Incremental Build of configuration Debug for project RFM95W_Rx ****
make -j16 all 
arm-none-eabi-gcc "../Core/Src/main.c" -mcpu=cortex-m4 -std=gnu11 -g3 -DDEBUG -DUSE_HAL_DRIVER -DSTM32L412xx -c -I../FATFS/Target -I../FATFS/App -I../Core/Inc -I../Drivers/STM32L4xx_HAL_Driver/Inc -I../Drivers/STM32L4xx_HAL_Driver/Inc/Legacy -I../Middlewares/Third_Party/FatFs/src -I../Drivers/CMSIS/Device/ST/STM32L4xx/Include -I../Drivers/CMSIS/Include -I"C:/Users/harun/OneDrive/Documents/School/VT/HAB/HAB_STM32/RFM95W_Rx/Drivers/RFM95W_HAL_Driver" -O0 -ffunction-sections -fdata-sections -Wall -fstack-usage -fcyclomatic-complexity -MMD -MP -MF"Core/Src/main.d" -MT"Core/Src/main.o" --specs=nano.specs -mfpu=fpv4-sp-d16 -mfloat-abi=hard -mthumb -o "Core/Src/main.o"
../Core/Src/main.c: In function 'main':
../Core/Src/main.c:119:14: warning: variable 'error' set but not used [-Wunused-but-set-variable]
  119 |         bool error = true;
      |              ^~~~~
arm-none-eabi-gcc -o "RFM95W_Rx.elf" @"objects.list"   -mcpu=cortex-m4 -T"C:\Users\harun\OneDrive\Documents\School\VT\HAB\HAB_STM32\RFM95W_Rx\STM32L412KBUX_FLASH.ld" --specs=nosys.specs -Wl,-Map="RFM95W_Rx.map" -Wl,--gc-sections -static --specs=nano.specs -mfpu=fpv4-sp-d16 -mfloat-abi=hard -mthumb -Wl,--start-group -lc -lm -Wl,--end-group
Finished building target: RFM95W_Rx.elf
 
arm-none-eabi-size  RFM95W_Rx.elf 
arm-none-eabi-objdump -h -S RFM95W_Rx.elf  > "RFM95W_Rx.list"
   text	   data	    bss	    dec	    hex	filename
  23992	    144	   2304	  26440	   6748	RFM95W_Rx.elf
Finished building: default.size.stdout
 
Finished building: RFM95W_Rx.list
 
00:14:41 **** Incremental Build of configuration Debug for project RFM95W_Rx ****
make -j16 all 
arm-none-eabi-size  RFM95W_Rx.elf 
   text	   data	    bss	    dec	    hex	filename
  23992	    144	   2304	  26440	   6748	RFM95W_Rx.elf
Finished building: default.size.stdout
 
00:16:24 **** Incremental Build of configuration Debug for project RFM95W_Rx ****
make -j16 all 
arm-none-eabi-gcc "../Core/Src/main.c" -mcpu=cortex-m4 -std=gnu11 -g3 -DDEBUG -DUSE_HAL_DRIVER -DSTM32L412xx -c -I../FATFS/Target -I../FATFS/App -I../Core/Inc -I../Drivers/STM32L4xx_HAL_Driver/Inc -I../Drivers/STM32L4xx_HAL_Driver/Inc/Legacy -I../Middlewares/Third_Party/FatFs/src -I../Drivers/CMSIS/Device/ST/STM32L4xx/Include -I../Drivers/CMSIS/Include -I"C:/Users/harun/OneDrive/Documents/School/VT/HAB/HAB_STM32/RFM95W_Rx/Drivers/RFM95W_HAL_Driver" -O0 -ffunction-sections -fdata-sections -Wall -fstack-usage -fcyclomatic-complexity -MMD -MP -MF"Core/Src/main.d" -MT"Core/Src/main.o" --specs=nano.specs -mfpu=fpv4-sp-d16 -mfloat-abi=hard -mthumb -o "Core/Src/main.o"
../Core/Src/main.c: In function 'main':
../Core/Src/main.c:119:14: warning: variable 'error' set but not used [-Wunused-but-set-variable]
  119 |         bool error = true;
      |              ^~~~~
arm-none-eabi-gcc -o "RFM95W_Rx.elf" @"objects.list"   -mcpu=cortex-m4 -T"C:\Users\harun\OneDrive\Documents\School\VT\HAB\HAB_STM32\RFM95W_Rx\STM32L412KBUX_FLASH.ld" --specs=nosys.specs -Wl,-Map="RFM95W_Rx.map" -Wl,--gc-sections -static --specs=nano.specs -mfpu=fpv4-sp-d16 -mfloat-abi=hard -mthumb -Wl,--start-group -lc -lm -Wl,--end-group
Finished building target: RFM95W_Rx.elf
 
arm-none-eabi-size  RFM95W_Rx.elf 
arm-none-eabi-objdump -h -S RFM95W_Rx.elf  > "RFM95W_Rx.list"
   text	   data	    bss	    dec	    hex	filename
  23992	    144	   2304	  26440	   6748	RFM95W_Rx.elf
Finished building: default.size.stdout
 
Finished building: RFM95W_Rx.list
 
00:17:27 **** Incremental Build of configuration Debug for project RFM95W_Rx ****
make -j16 all 
arm-none-eabi-gcc "../Core/Src/main.c" -mcpu=cortex-m4 -std=gnu11 -g3 -DDEBUG -DUSE_HAL_DRIVER -DSTM32L412xx -c -I../FATFS/Target -I../FATFS/App -I../Core/Inc -I../Drivers/STM32L4xx_HAL_Driver/Inc -I../Drivers/STM32L4xx_HAL_Driver/Inc/Legacy -I../Middlewares/Third_Party/FatFs/src -I../Drivers/CMSIS/Device/ST/STM32L4xx/Include -I../Drivers/CMSIS/Include -I"C:/Users/harun/OneDrive/Documents/School/VT/HAB/HAB_STM32/RFM95W_Rx/Drivers/RFM95W_HAL_Driver" -O0 -ffunction-sections -fdata-sections -Wall -fstack-usage -fcyclomatic-complexity -MMD -MP -MF"Core/Src/main.d" -MT"Core/Src/main.o" --specs=nano.specs -mfpu=fpv4-sp-d16 -mfloat-abi=hard -mthumb -o "Core/Src/main.o"
../Core/Src/main.c: In function 'main':
../Core/Src/main.c:119:14: warning: variable 'error' set but not used [-Wunused-but-set-variable]
  119 |         bool error = true;
      |              ^~~~~
arm-none-eabi-gcc -o "RFM95W_Rx.elf" @"objects.list"   -mcpu=cortex-m4 -T"C:\Users\harun\OneDrive\Documents\School\VT\HAB\HAB_STM32\RFM95W_Rx\STM32L412KBUX_FLASH.ld" --specs=nosys.specs -Wl,-Map="RFM95W_Rx.map" -Wl,--gc-sections -static --specs=nano.specs -mfpu=fpv4-sp-d16 -mfloat-abi=hard -mthumb -Wl,--start-group -lc -lm -Wl,--end-group
Finished building target: RFM95W_Rx.elf
 
arm-none-eabi-size  RFM95W_Rx.elf 
arm-none-eabi-objdump -h -S RFM95W_Rx.elf  > "RFM95W_Rx.list"
   text	   data	    bss	    dec	    hex	filename
  24096	    144	   2304	  26544	   67b0	RFM95W_Rx.elf
Finished building: default.size.stdout
 
Finished building: RFM95W_Rx.list
 
00:19:12 **** Incremental Build of configuration Debug for project RFM95W_Rx ****
make -j16 all 
arm-none-eabi-gcc "../Core/Src/main.c" -mcpu=cortex-m4 -std=gnu11 -g3 -DDEBUG -DUSE_HAL_DRIVER -DSTM32L412xx -c -I../FATFS/Target -I../FATFS/App -I../Core/Inc -I../Drivers/STM32L4xx_HAL_Driver/Inc -I../Drivers/STM32L4xx_HAL_Driver/Inc/Legacy -I../Middlewares/Third_Party/FatFs/src -I../Drivers/CMSIS/Device/ST/STM32L4xx/Include -I../Drivers/CMSIS/Include -I"C:/Users/harun/OneDrive/Documents/School/VT/HAB/HAB_STM32/RFM95W_Rx/Drivers/RFM95W_HAL_Driver" -O0 -ffunction-sections -fdata-sections -Wall -fstack-usage -fcyclomatic-complexity -MMD -MP -MF"Core/Src/main.d" -MT"Core/Src/main.o" --specs=nano.specs -mfpu=fpv4-sp-d16 -mfloat-abi=hard -mthumb -o "Core/Src/main.o"
../Core/Src/main.c: In function 'main':
../Core/Src/main.c:119:14: warning: variable 'error' set but not used [-Wunused-but-set-variable]
  119 |         bool error = true;
      |              ^~~~~
arm-none-eabi-gcc -o "RFM95W_Rx.elf" @"objects.list"   -mcpu=cortex-m4 -T"C:\Users\harun\OneDrive\Documents\School\VT\HAB\HAB_STM32\RFM95W_Rx\STM32L412KBUX_FLASH.ld" --specs=nosys.specs -Wl,-Map="RFM95W_Rx.map" -Wl,--gc-sections -static --specs=nano.specs -mfpu=fpv4-sp-d16 -mfloat-abi=hard -mthumb -Wl,--start-group -lc -lm -Wl,--end-group
Finished building target: RFM95W_Rx.elf
 
arm-none-eabi-size  RFM95W_Rx.elf 
arm-none-eabi-objdump -h -S RFM95W_Rx.elf  > "RFM95W_Rx.list"
   text	   data	    bss	    dec	    hex	filename
  24096	    144	   2304	  26544	   67b0	RFM95W_Rx.elf
Finished building: default.size.stdout
 
Finished building: RFM95W_Rx.list
 
00:20:41 **** Incremental Build of configuration Debug for project RFM95W_Rx ****
make -j16 all 
arm-none-eabi-gcc "../Core/Src/main.c" -mcpu=cortex-m4 -std=gnu11 -g3 -DDEBUG -DUSE_HAL_DRIVER -DSTM32L412xx -c -I../FATFS/Target -I../FATFS/App -I../Core/Inc -I../Drivers/STM32L4xx_HAL_Driver/Inc -I../Drivers/STM32L4xx_HAL_Driver/Inc/Legacy -I../Middlewares/Third_Party/FatFs/src -I../Drivers/CMSIS/Device/ST/STM32L4xx/Include -I../Drivers/CMSIS/Include -I"C:/Users/harun/OneDrive/Documents/School/VT/HAB/HAB_STM32/RFM95W_Rx/Drivers/RFM95W_HAL_Driver" -O0 -ffunction-sections -fdata-sections -Wall -fstack-usage -fcyclomatic-complexity -MMD -MP -MF"Core/Src/main.d" -MT"Core/Src/main.o" --specs=nano.specs -mfpu=fpv4-sp-d16 -mfloat-abi=hard -mthumb -o "Core/Src/main.o"
../Core/Src/main.c: In function 'main':
../Core/Src/main.c:119:14: warning: variable 'error' set but not used [-Wunused-but-set-variable]
  119 |         bool error = true;
      |              ^~~~~
arm-none-eabi-gcc -o "RFM95W_Rx.elf" @"objects.list"   -mcpu=cortex-m4 -T"C:\Users\harun\OneDrive\Documents\School\VT\HAB\HAB_STM32\RFM95W_Rx\STM32L412KBUX_FLASH.ld" --specs=nosys.specs -Wl,-Map="RFM95W_Rx.map" -Wl,--gc-sections -static --specs=nano.specs -mfpu=fpv4-sp-d16 -mfloat-abi=hard -mthumb -Wl,--start-group -lc -lm -Wl,--end-group
Finished building target: RFM95W_Rx.elf
 
arm-none-eabi-size  RFM95W_Rx.elf 
arm-none-eabi-objdump -h -S RFM95W_Rx.elf  > "RFM95W_Rx.list"
   text	   data	    bss	    dec	    hex	filename
  24088	    144	   2304	  26536	   67a8	RFM95W_Rx.elf
Finished building: default.size.stdout
 
Finished building: RFM95W_Rx.list
 
00:21:01 **** Incremental Build of configuration Debug for project RFM95W_Rx ****
make -j16 all 
arm-none-eabi-gcc "../Core/Src/main.c" -mcpu=cortex-m4 -std=gnu11 -g3 -DDEBUG -DUSE_HAL_DRIVER -DSTM32L412xx -c -I../FATFS/Target -I../FATFS/App -I../Core/Inc -I../Drivers/STM32L4xx_HAL_Driver/Inc -I../Drivers/STM32L4xx_HAL_Driver/Inc/Legacy -I../Middlewares/Third_Party/FatFs/src -I../Drivers/CMSIS/Device/ST/STM32L4xx/Include -I../Drivers/CMSIS/Include -I"C:/Users/harun/OneDrive/Documents/School/VT/HAB/HAB_STM32/RFM95W_Rx/Drivers/RFM95W_HAL_Driver" -O0 -ffunction-sections -fdata-sections -Wall -fstack-usage -fcyclomatic-complexity -MMD -MP -MF"Core/Src/main.d" -MT"Core/Src/main.o" --specs=nano.specs -mfpu=fpv4-sp-d16 -mfloat-abi=hard -mthumb -o "Core/Src/main.o"
../Core/Src/main.c: In function 'main':
../Core/Src/main.c:141:32: warning: passing argument 1 of 'printf' makes pointer from integer without a cast [-Wint-conversion]
  141 |                         printf('\n');
      |                                ^~~~
      |                                |
      |                                int
In file included from C:/Users/harun/OneDrive/Documents/School/VT/HAB/HAB_STM32/RFM95W_Rx/Drivers/RFM95W_HAL_Driver/rfm95.h:34,
                 from ../Core/Src/main.c:25:
C:\ST\STM32CubeIDE_1.15.0\STM32CubeIDE\plugins\com.st.stm32cube.ide.mcu.externaltools.gnu-tools-for-stm32.12.3.rel1.win32_1.1.0.202410251130\tools\bin/../lib/gcc/arm-none-eabi/12.3.1/../../../../arm-none-eabi/include/stdio.h:206:17: note: expected 'const char * restrict' but argument is of type 'int'
  206 | int     printf (const char *__restrict, ...)
      |                 ^
../Core/Src/main.c:119:14: warning: variable 'error' set but not used [-Wunused-but-set-variable]
  119 |         bool error = true;
      |              ^~~~~
arm-none-eabi-gcc -o "RFM95W_Rx.elf" @"objects.list"   -mcpu=cortex-m4 -T"C:\Users\harun\OneDrive\Documents\School\VT\HAB\HAB_STM32\RFM95W_Rx\STM32L412KBUX_FLASH.ld" --specs=nosys.specs -Wl,-Map="RFM95W_Rx.map" -Wl,--gc-sections -static --specs=nano.specs -mfpu=fpv4-sp-d16 -mfloat-abi=hard -mthumb -Wl,--start-group -lc -lm -Wl,--end-group
Finished building target: RFM95W_Rx.elf
 
arm-none-eabi-size  RFM95W_Rx.elf 
arm-none-eabi-objdump -h -S RFM95W_Rx.elf  > "RFM95W_Rx.list"
   text	   data	    bss	    dec	    hex	filename
  24096	    144	   2304	  26544	   67b0	RFM95W_Rx.elf
Finished building: default.size.stdout
 
Finished building: RFM95W_Rx.list
 
00:21:26 **** Incremental Build of configuration Debug for project RFM95W_Rx ****
make -j16 all 
arm-none-eabi-gcc "../Core/Src/main.c" -mcpu=cortex-m4 -std=gnu11 -g3 -DDEBUG -DUSE_HAL_DRIVER -DSTM32L412xx -c -I../FATFS/Target -I../FATFS/App -I../Core/Inc -I../Drivers/STM32L4xx_HAL_Driver/Inc -I../Drivers/STM32L4xx_HAL_Driver/Inc/Legacy -I../Middlewares/Third_Party/FatFs/src -I../Drivers/CMSIS/Device/ST/STM32L4xx/Include -I../Drivers/CMSIS/Include -I"C:/Users/harun/OneDrive/Documents/School/VT/HAB/HAB_STM32/RFM95W_Rx/Drivers/RFM95W_HAL_Driver" -O0 -ffunction-sections -fdata-sections -Wall -fstack-usage -fcyclomatic-complexity -MMD -MP -MF"Core/Src/main.d" -MT"Core/Src/main.o" --specs=nano.specs -mfpu=fpv4-sp-d16 -mfloat-abi=hard -mthumb -o "Core/Src/main.o"
../Core/Src/main.c: In function 'main':
../Core/Src/main.c:119:14: warning: variable 'error' set but not used [-Wunused-but-set-variable]
  119 |         bool error = true;
      |              ^~~~~
arm-none-eabi-gcc -o "RFM95W_Rx.elf" @"objects.list"   -mcpu=cortex-m4 -T"C:\Users\harun\OneDrive\Documents\School\VT\HAB\HAB_STM32\RFM95W_Rx\STM32L412KBUX_FLASH.ld" --specs=nosys.specs -Wl,-Map="RFM95W_Rx.map" -Wl,--gc-sections -static --specs=nano.specs -mfpu=fpv4-sp-d16 -mfloat-abi=hard -mthumb -Wl,--start-group -lc -lm -Wl,--end-group
Finished building target: RFM95W_Rx.elf
 
arm-none-eabi-size  RFM95W_Rx.elf 
arm-none-eabi-objdump -h -S RFM95W_Rx.elf  > "RFM95W_Rx.list"
   text	   data	    bss	    dec	    hex	filename
  24100	    144	   2304	  26548	   67b4	RFM95W_Rx.elf
Finished building: default.size.stdout
 
Finished building: RFM95W_Rx.list
 
00:22:14 **** Incremental Build of configuration Debug for project RFM95W_Rx ****
make -j16 all 
arm-none-eabi-gcc "../Core/Src/main.c" -mcpu=cortex-m4 -std=gnu11 -g3 -DDEBUG -DUSE_HAL_DRIVER -DSTM32L412xx -c -I../FATFS/Target -I../FATFS/App -I../Core/Inc -I../Drivers/STM32L4xx_HAL_Driver/Inc -I../Drivers/STM32L4xx_HAL_Driver/Inc/Legacy -I../Middlewares/Third_Party/FatFs/src -I../Drivers/CMSIS/Device/ST/STM32L4xx/Include -I../Drivers/CMSIS/Include -I"C:/Users/harun/OneDrive/Documents/School/VT/HAB/HAB_STM32/RFM95W_Rx/Drivers/RFM95W_HAL_Driver" -O0 -ffunction-sections -fdata-sections -Wall -fstack-usage -fcyclomatic-complexity -MMD -MP -MF"Core/Src/main.d" -MT"Core/Src/main.o" --specs=nano.specs -mfpu=fpv4-sp-d16 -mfloat-abi=hard -mthumb -o "Core/Src/main.o"
../Core/Src/main.c: In function 'main':
../Core/Src/main.c:119:14: warning: variable 'error' set but not used [-Wunused-but-set-variable]
  119 |         bool error = true;
      |              ^~~~~
arm-none-eabi-gcc -o "RFM95W_Rx.elf" @"objects.list"   -mcpu=cortex-m4 -T"C:\Users\harun\OneDrive\Documents\School\VT\HAB\HAB_STM32\RFM95W_Rx\STM32L412KBUX_FLASH.ld" --specs=nosys.specs -Wl,-Map="RFM95W_Rx.map" -Wl,--gc-sections -static --specs=nano.specs -mfpu=fpv4-sp-d16 -mfloat-abi=hard -mthumb -Wl,--start-group -lc -lm -Wl,--end-group
Finished building target: RFM95W_Rx.elf
 
arm-none-eabi-size  RFM95W_Rx.elf 
arm-none-eabi-objdump -h -S RFM95W_Rx.elf  > "RFM95W_Rx.list"
   text	   data	    bss	    dec	    hex	filename
  23992	    144	   2304	  26440	   6748	RFM95W_Rx.elf
Finished building: default.size.stdout
 
Finished building: RFM95W_Rx.list
 
00:22:21 **** Incremental Build of configuration Debug for project RFM95W_Rx ****
make -j16 all 
arm-none-eabi-gcc "../Core/Src/main.c" -mcpu=cortex-m4 -std=gnu11 -g3 -DDEBUG -DUSE_HAL_DRIVER -DSTM32L412xx -c -I../FATFS/Target -I../FATFS/App -I../Core/Inc -I../Drivers/STM32L4xx_HAL_Driver/Inc -I../Drivers/STM32L4xx_HAL_Driver/Inc/Legacy -I../Middlewares/Third_Party/FatFs/src -I../Drivers/CMSIS/Device/ST/STM32L4xx/Include -I../Drivers/CMSIS/Include -I"C:/Users/harun/OneDrive/Documents/School/VT/HAB/HAB_STM32/RFM95W_Rx/Drivers/RFM95W_HAL_Driver" -O0 -ffunction-sections -fdata-sections -Wall -fstack-usage -fcyclomatic-complexity -MMD -MP -MF"Core/Src/main.d" -MT"Core/Src/main.o" --specs=nano.specs -mfpu=fpv4-sp-d16 -mfloat-abi=hard -mthumb -o "Core/Src/main.o"
../Core/Src/main.c: In function 'main':
../Core/Src/main.c:119:14: warning: variable 'error' set but not used [-Wunused-but-set-variable]
  119 |         bool error = true;
      |              ^~~~~
arm-none-eabi-gcc -o "RFM95W_Rx.elf" @"objects.list"   -mcpu=cortex-m4 -T"C:\Users\harun\OneDrive\Documents\School\VT\HAB\HAB_STM32\RFM95W_Rx\STM32L412KBUX_FLASH.ld" --specs=nosys.specs -Wl,-Map="RFM95W_Rx.map" -Wl,--gc-sections -static --specs=nano.specs -mfpu=fpv4-sp-d16 -mfloat-abi=hard -mthumb -Wl,--start-group -lc -lm -Wl,--end-group
Finished building target: RFM95W_Rx.elf
 
arm-none-eabi-size  RFM95W_Rx.elf 
arm-none-eabi-objdump -h -S RFM95W_Rx.elf  > "RFM95W_Rx.list"
   text	   data	    bss	    dec	    hex	filename
  23992	    144	   2304	  26440	   6748	RFM95W_Rx.elf
Finished building: default.size.stdout
 
Finished building: RFM95W_Rx.list
 
