../Drivers/RFM95W_HAL_Driver/rfm95.c:23:19:RF95_write	24	static
../Drivers/RFM95W_HAL_Driver/rfm95.c:38:19:RF95_write_burst	24	static
../Drivers/RFM95W_HAL_Driver/rfm95.c:55:6:RF95_read	24	static
../Drivers/RFM95W_HAL_Driver/rfm95.c:68:19:RF95_read_burst	32	static
../Drivers/RFM95W_HAL_Driver/rfm95.c:82:6:RF95_Reset	8	static
../Drivers/RFM95W_HAL_Driver/rfm95.c:90:6:RF95_Init	8	static
../Drivers/RFM95W_HAL_Driver/rfm95.c:134:6:RF95_setModemConfig	16	static
../Drivers/RFM95W_HAL_Driver/rfm95.c:144:6:RF95_setPreambleLength	16	static
../Drivers/RFM95W_HAL_Driver/rfm95.c:151:6:RF95_setFrequency	32	static
../Drivers/RFM95W_HAL_Driver/rfm95.c:163:6:RF95_setTxPower	16	static
../Drivers/RFM95W_HAL_Driver/rfm95.c:202:6:RF95_receive	24	static
../Drivers/RFM95W_HAL_Driver/rfm95.c:232:6:RF95_receive_Timeout	24	static
../Drivers/RFM95W_HAL_Driver/rfm95.c:272:6:RF95_send	24	static
../Drivers/RFM95W_HAL_Driver/rfm95.c:323:6:RF95_waitCAD	16	static
../Drivers/RFM95W_HAL_Driver/rfm95.c:347:6:RF95_waitPacketSent	8	static
../Drivers/RFM95W_HAL_Driver/rfm95.c:358:6:RF95_available	8	static
../Drivers/RFM95W_HAL_Driver/rfm95.c:375:6:RF95_available_Timeout	24	static
../Drivers/RFM95W_HAL_Driver/rfm95.c:395:6:RF95_setModeCAD	8	static
../Drivers/RFM95W_HAL_Driver/rfm95.c:406:6:RF95_setModeIdle	8	static
../Drivers/RFM95W_HAL_Driver/rfm95.c:420:6:RF95_sleep	8	static
../Drivers/RFM95W_HAL_Driver/rfm95.c:435:6:RF95_setModeRx_Single	8	static
../Drivers/RFM95W_HAL_Driver/rfm95.c:450:6:RF95_setModeRx_Continuous	8	static
../Drivers/RFM95W_HAL_Driver/rfm95.c:465:6:RF95_setModeTx	8	static
../Drivers/RFM95W_HAL_Driver/rfm95.c:480:6:RF95_Check_RxTimeout	16	static
../Drivers/RFM95W_HAL_Driver/rfm95.c:490:6:RF95_Check_RxDone	16	static
../Drivers/RFM95W_HAL_Driver/rfm95.c:500:6:RF95_Check_PayloadCRCError	16	static
../Drivers/RFM95W_HAL_Driver/rfm95.c:510:6:RF95_Check_ValidHeader	16	static
../Drivers/RFM95W_HAL_Driver/rfm95.c:521:6:RF95_Check_TxDone	16	static
../Drivers/RFM95W_HAL_Driver/rfm95.c:532:6:RF95_Check_CADDone	16	static
../Drivers/RFM95W_HAL_Driver/rfm95.c:541:6:RF95_Check_FhssChannelChange	16	static
../Drivers/RFM95W_HAL_Driver/rfm95.c:551:6:RF95_Check_CADDetect	16	static
../Drivers/RFM95W_HAL_Driver/rfm95.c:561:6:RF95_Clear_IRQ	16	static
../Drivers/RFM95W_HAL_Driver/rfm95.c:573:6:RF95_Check_ModemClear	16	static
../Drivers/RFM95W_HAL_Driver/rfm95.c:583:6:RF95_Check_HeaderInfoValid	16	static
../Drivers/RFM95W_HAL_Driver/rfm95.c:593:6:RF95_Check_RxOnGoing	16	static
../Drivers/RFM95W_HAL_Driver/rfm95.c:602:6:RF95_Check_SignalSyncronized	16	static
../Drivers/RFM95W_HAL_Driver/rfm95.c:612:6:RF95_Check_SignalDetect	16	static
../Drivers/RFM95W_HAL_Driver/rfm95.c:622:10:ComputeCRC	24	static
../Drivers/RFM95W_HAL_Driver/rfm95.c:642:10:RF95_ComputeCRC	24	static
../Drivers/RFM95W_HAL_Driver/rfm95.c:679:6:Clear_Buffer	16	static
../Drivers/RFM95W_HAL_Driver/rfm95.c:684:6:RF95_Master_Receive_from_Node	32	static
../Drivers/RFM95W_HAL_Driver/rfm95.c:786:6:RF95_Master_Receive_from_All_Nodes	16	static
../Drivers/RFM95W_HAL_Driver/rfm95.c:796:6:RF95_Slave_Send	24	static
